******************************************************************************
  TMS320C2000 Evaluation Linker PC v5.2.6                      
******************************************************************************
>> Linked Tue Oct 28 16:37:58 2014

OUTPUT FILE NAME:   <ISO2631_All_Generated.out>
ENTRY POINT SYMBOL: "_c_int00"  address: 00008647


MEMORY CONFIGURATION

         name            origin    length      used     unused   attr    fill
----------------------  --------  ---------  --------  --------  ----  --------
PAGE 0:
  BEGIN                 00000000   00000002  00000000  00000002  RWIX
  RAMM0                 00000050   000003b0  00000122  0000028e  RWIX
  RAML0L1               00008000   00000c00  000006d1  0000052f  RWIX
  IQTABLES              003fe000   00000b50  00000000  00000b50  RWIX
  IQTABLES2             003feb50   0000008c  00000000  0000008c  RWIX
  IQTABLES3             003febdc   000000aa  00000000  000000aa  RWIX
  BOOTROM               003ff27c   00000d44  00000000  00000d44  RWIX
  RESET                 003fffc0   00000002  00000000  00000002  RWIX

PAGE 1:
  BOOT_RSVD             00000002   0000004e  00000000  0000004e  RWIX
  RAMM1                 00000480   00000380  00000300  00000080  RWIX
  GPIOCTRL              00006f80   00000040  0000002e  00000012  RWIX
  GPIODAT               00006fc0   00000020  00000020  00000000  RWIX
  RAML2                 00008c00   00000400  00000190  00000270  RWIX
  RAML3                 00009000   00001000  00000000  00001000  RWIX


SECTION ALLOCATION MAP

 output                                  attributes/
section   page    origin      length       input sections
--------  ----  ----------  ----------   ----------------
.pinit     0    00000050    00000000     UNINITIALIZED

.cinit     0    00000050    00000122     
                  00000050    000000eb     ISO2631_All_GenerationTemplate_data.obj (.cinit)
                  0000013b    00000021     ISO2631_All_GenerationTemplate.obj (.cinit)
                  0000015c    0000000a     rts2800_fpu32.lib : _lock.obj (.cinit)
                  00000166    0000000a                       : exit.obj (.cinit)
                  00000170    00000002     --HOLE-- [fill = 0]

.text      0    00008000    000006d1     
                  00008000    000005bf     ISO2631_All_GenerationTemplate.obj (.text)
                  000085bf    00000088     rts2800_fpu32.lib : fs_div.obj (.text)
                  00008647    00000046                       : boot.obj (.text)
                  0000868d    0000001b                       : args_main.obj (.text)
                  000086a8    00000019                       : exit.obj (.text)
                  000086c1    00000009                       : _lock.obj (.text)
                  000086ca    00000007                       : memset.obj (.text)

.reset     0    003fffc0    00000002     DSECT
                  003fffc0    00000002     rts2800_fpu32.lib : boot.obj (.reset)

.stack     1    00000480    00000300     UNINITIALIZED
                  00000480    00000300     --HOLE--

GpioCtrlRegsFile 
*          1    00006f80    0000002e     UNINITIALIZED
                  00006f80    0000002e     ISO2631_All_GenerationTemplate.obj (GpioCtrlRegsFile)

GpioDataRegsFile 
*          1    00006fc0    00000020     UNINITIALIZED
                  00006fc0    00000020     ISO2631_All_GenerationTemplate.obj (GpioDataRegsFile)

.ebss      1    00008c00    00000190     UNINITIALIZED
                  00008c00    000000e8     ISO2631_All_GenerationTemplate_data.obj (.ebss)
                  00008ce8    00000004     rts2800_fpu32.lib : _lock.obj (.ebss)
                  00008cec    00000004                       : exit.obj (.ebss)
                  00008cf0    00000010     --HOLE--
                  00008d00    00000090     ISO2631_All_GenerationTemplate.obj (.ebss)


GLOBAL SYMBOLS: SORTED ALPHABETICALLY BY Name 

address    name
--------   ----
00008000   .text
000086a8   C$$EXIT
000085bf   FS$$DIV
00006f80   _GpioCtrlRegs
00006fc0   _GpioDataRegs
00008d40   _ISO2631_All_GenerationTem_DWork
00008c00   _ISO2631_All_GenerationTemplat_P
00008580   _InitPorts
00008d18   _InputBuffer
00008d04   _OutputBuffer
0000800d   _Rte_IRead_BandPass_Runnable_BandPass_Step_ISO2631_Ctrl_ISO2631_Ctrl
00008010   _Rte_IRead_BandPass_Runnable_BandPass_Step_ISO2631_in_ISO2631_in
00008000   _Rte_IWrite_BandPass_Runnable_BandPass_Step_FilterOut_FilterOut
0000848f   _Runnable_BandPass_Init
00008017   _Runnable_BandPass_Step
00000780   __STACK_END
00000300   __STACK_SIZE
00000001   __TI_args_main
ffffffff   ___binit__
ffffffff   ___c_args__
00000050   ___cinit__
000086d1   ___etext__
ffffffff   ___pinit__
00008000   ___text__
0000868d   __args_main
00008cec   __cleanup_ptr
00008cee   __dtors_ptr
00008cea   __lock
000086c9   __nop
000086c5   __register_lock
000086c1   __register_unlock
00000480   __stack
00008ce8   __unlock
000086a8   _abort
00008647   _c_int00
000086aa   _exit
0000859b   _main
000086ca   _memset
00008d00   _pIn
00008d02   _pOut
ffffffff   binit
00000050   cinit
000086d1   etext
ffffffff   pinit


GLOBAL SYMBOLS: SORTED BY Symbol Address 

address    name
--------   ----
00000001   __TI_args_main
00000050   ___cinit__
00000050   cinit
00000300   __STACK_SIZE
00000480   __stack
00000780   __STACK_END
00006f80   _GpioCtrlRegs
00006fc0   _GpioDataRegs
00008000   .text
00008000   _Rte_IWrite_BandPass_Runnable_BandPass_Step_FilterOut_FilterOut
00008000   ___text__
0000800d   _Rte_IRead_BandPass_Runnable_BandPass_Step_ISO2631_Ctrl_ISO2631_Ctrl
00008010   _Rte_IRead_BandPass_Runnable_BandPass_Step_ISO2631_in_ISO2631_in
00008017   _Runnable_BandPass_Step
0000848f   _Runnable_BandPass_Init
00008580   _InitPorts
0000859b   _main
000085bf   FS$$DIV
00008647   _c_int00
0000868d   __args_main
000086a8   C$$EXIT
000086a8   _abort
000086aa   _exit
000086c1   __register_unlock
000086c5   __register_lock
000086c9   __nop
000086ca   _memset
000086d1   ___etext__
000086d1   etext
00008c00   _ISO2631_All_GenerationTemplat_P
00008ce8   __unlock
00008cea   __lock
00008cec   __cleanup_ptr
00008cee   __dtors_ptr
00008d00   _pIn
00008d02   _pOut
00008d04   _OutputBuffer
00008d18   _InputBuffer
00008d40   _ISO2631_All_GenerationTem_DWork
ffffffff   ___binit__
ffffffff   ___c_args__
ffffffff   ___pinit__
ffffffff   binit
ffffffff   pinit

[44 symbols]
